[
  {
    "id": 1,
    "content": "test",
    "bookmark": {
      "id": 1
    },
    "user": {
      "id": 1,
      "name": null,
      "image": null
    }
  },
  {
    "id": 2,
    "content": "いいね",
    "bookmark": {
      "id": 1
    },
    "user": {
      "id": 1,
      "name": null,
      "image": null
    }
  }
]